[1, 2, 3]
[1, 20, 3, 4]
[1, 20, 30, 4]
[1, 20, 3, 4]
4

