print stdout
print stderr
foo
line 4

> stdout1.txt
line 1
line 3

> stdout2.txt
line 2

> >= pipe =>
line 7
my error
more stuff
and some more
